Archive member included because of file (symbol)

.\CortexM3\ARM_GCC_493\Debug\MotorController.a(cyfitter_cfg.o)
                              .\CortexM3\ARM_GCC_493\Debug\Cm3Start.o (cyfitter_cfg)
.\CortexM3\ARM_GCC_493\Debug\MotorController.a(PWM_motor.o)
                              .\CortexM3\ARM_GCC_493\Debug\MotorController.o (PWM_motor_WriteCompare)
.\CortexM3\ARM_GCC_493\Debug\MotorController.a(Control_Reg_motor_reset.o)
                              .\CortexM3\ARM_GCC_493\Debug\MotorController.o (Control_Reg_motor_reset_Write)
.\CortexM3\ARM_GCC_493\Debug\MotorController.a(Timer_RPM.o)
                              .\CortexM3\ARM_GCC_493\Debug\RPMSensor.o (Timer_RPM_ReadCapture)
.\CortexM3\ARM_GCC_493\Debug\MotorController.a(RPM_isr.o)
                              .\CortexM3\ARM_GCC_493\Debug\RPMSensor.o (RPM_isr_StartEx)
.\CortexM3\ARM_GCC_493\Debug\MotorController.a(Comp_1.o)
                              .\CortexM3\ARM_GCC_493\Debug\effectSensor.o (Comp_1_Start)
.\CortexM3\ARM_GCC_493\Debug\MotorController.a(VDAC8_1.o)
                              .\CortexM3\ARM_GCC_493\Debug\effectSensor.o (VDAC8_1_Start)
.\CortexM3\ARM_GCC_493\Debug\MotorController.a(Clock_motor.o)
                              .\CortexM3\ARM_GCC_493\Debug\MotorController.o (Clock_motor_Start)
.\CortexM3\ARM_GCC_493\Debug\MotorController.a(isr_motor.o)
                              .\CortexM3\ARM_GCC_493\Debug\MotorController.o (isr_motor_StartEx)
.\CortexM3\ARM_GCC_493\Debug\MotorController.a(CAN_1.o)
                              .\CortexM3\ARM_GCC_493\Debug\CAN.o (CAN_1_Start)
.\CortexM3\ARM_GCC_493\Debug\MotorController.a(CAN_1_INT.o)
                              .\CortexM3\ARM_GCC_493\Debug\MotorController.a(CAN_1.o) (CAN_1_ISR)
.\CortexM3\ARM_GCC_493\Debug\MotorController.a(CAN_1_TX_RX_func.o)
                              .\CortexM3\ARM_GCC_493\Debug\MotorController.a(CAN_1_INT.o) (CAN_1_ReceiveMsg)
.\CortexM3\ARM_GCC_493\Debug\MotorController.a(isr_overCurrent.o)
                              .\CortexM3\ARM_GCC_493\Debug\MotorController.o (isr_overCurrent_StartEx)
.\CortexM3\ARM_GCC_493\Debug\MotorController.a(EEPROM_1.o)
                              .\CortexM3\ARM_GCC_493\Debug\EEPROM.o (EEPROM_1_Start)
.\CortexM3\ARM_GCC_493\Debug\MotorController.a(CyBootAsmGnu.o)
                              .\CortexM3\ARM_GCC_493\Debug\MotorController.a(cyfitter_cfg.o) (CyDelayCycles)
.\CortexM3\ARM_GCC_493\Debug\MotorController.a(CyDmac.o)
                              .\CortexM3\ARM_GCC_493\Debug\Cm3Start.o (CyDmacConfigure)
.\CortexM3\ARM_GCC_493\Debug\MotorController.a(CyFlash.o)
                              .\CortexM3\ARM_GCC_493\Debug\MotorController.a(EEPROM_1.o) (dieTemperature)
.\CortexM3\ARM_GCC_493\Debug\MotorController.a(CyLib.o)
                              .\CortexM3\ARM_GCC_493\Debug\Cm3Start.o (CyHalt)
.\CortexM3\ARM_GCC_493\Debug\MotorController.a(cyPm.o)
                              .\CortexM3\ARM_GCC_493\Debug\MotorController.a(CyLib.o) (CyPmReadStatus)
.\CortexM3\ARM_GCC_493\Debug\MotorController.a(CySpc.o)
                              .\CortexM3\ARM_GCC_493\Debug\MotorController.a(EEPROM_1.o) (CySpcStart)
.\CortexM3\ARM_GCC_493\Debug\MotorController.a(Status_Reg_1.o)
                              .\CortexM3\ARM_GCC_493\Debug\MotorController.o (Status_Reg_1_Read)
.\CortexM3\ARM_GCC_493\Debug\MotorController.a(PGA_1.o)
                              .\CortexM3\ARM_GCC_493\Debug\effectSensor.o (PGA_1_Start)
.\CortexM3\ARM_GCC_493\Debug\MotorController.a(ADC_A.o)
                              .\CortexM3\ARM_GCC_493\Debug\effectSensor.o (ADC_A_Start)
.\CortexM3\ARM_GCC_493\Debug\MotorController.a(ADC_A_INT.o)
                              .\CortexM3\ARM_GCC_493\Debug\MotorController.a(ADC_A.o) (ADC_A_ISR)
.\CortexM3\ARM_GCC_493\Debug\MotorController.a(ADC_V.o)
                              .\CortexM3\ARM_GCC_493\Debug\effectSensor.o (ADC_V_Start)
.\CortexM3\ARM_GCC_493\Debug\MotorController.a(ADC_V_INT.o)
                              .\CortexM3\ARM_GCC_493\Debug\MotorController.a(ADC_V.o) (ADC_V_ISR)
.\CortexM3\ARM_GCC_493\Debug\MotorController.a(ADC_A_theACLK.o)
                              .\CortexM3\ARM_GCC_493\Debug\MotorController.a(ADC_A.o) (ADC_A_theACLK_SetModeRegister)
.\CortexM3\ARM_GCC_493\Debug\MotorController.a(ADC_V_theACLK.o)
                              .\CortexM3\ARM_GCC_493\Debug\MotorController.a(ADC_V.o) (ADC_V_theACLK_SetModeRegister)
.\CortexM3\ARM_GCC_493\Debug\MotorController.a(DMA_V_dma.o)
                              .\CortexM3\ARM_GCC_493\Debug\effectSensor.o (DMA_V_DmaInitialize)
.\CortexM3\ARM_GCC_493\Debug\MotorController.a(DMA_A_dma.o)
                              .\CortexM3\ARM_GCC_493\Debug\effectSensor.o (DMA_A_DmaInitialize)
.\CortexM3\ARM_GCC_493\Debug\MotorController.a(Clock_3.o)
                              .\CortexM3\ARM_GCC_493\Debug\ControllerClass.o (Clock_3_Start)
.\CortexM3\ARM_GCC_493\Debug\MotorController.a(Timer_Speedometer.o)
                              .\CortexM3\ARM_GCC_493\Debug\Speed_O_meter.o (Timer_Speedometer_ReadCapture)
.\CortexM3\ARM_GCC_493\Debug\MotorController.a(Speedometer_isr.o)
                              .\CortexM3\ARM_GCC_493\Debug\Speed_O_meter.o (Speedometer_isr_Enable)
.\CortexM3\ARM_GCC_493\Debug\MotorController.a(Clock_4.o)
                              .\CortexM3\ARM_GCC_493\Debug\RPMSensor.o (Clock_4_Start)
.\CortexM3\ARM_GCC_493\Debug\MotorController.a(isr_A.o)
                              .\CortexM3\ARM_GCC_493\Debug\effectSensor.o (isr_A_StartEx)
.\CortexM3\ARM_GCC_493\Debug\MotorController.a(isr_V.o)
                              .\CortexM3\ARM_GCC_493\Debug\effectSensor.o (isr_V_StartEx)
.\CortexM3\ARM_GCC_493\Debug\MotorController.a(PGA_2.o)
                              .\CortexM3\ARM_GCC_493\Debug\effectSensor.o (PGA_2_Start)
